RAM Allocation [bytes]
Variable                                                                          Address   Size
------------------------------------------------------------------------------------------------

EEPROM Allocation [bytes]
Variable                                                                          Address   Size
------------------------------------------------------------------------------------------------
power_set                                                                         0x0000       1
time_set                                                                          0x0001       1

Register Allocation
Variable                                                                          Register  Size
------------------------------------------------------------------------------------------------
flag                                                                              R4           1

FLASH Allocation [words]
Function                                                                          Address   Size
------------------------------------------------------------------------------------------------
initdev                                                                           0x0001C     16
buzz                                                                              0x0002C     20
delay_min                                                                         0x00040     18
rd_sets                                                                           0x00052     25
btn_press                                                                         0x0006B     29
btn_func                                                                          0x00088     77
read_ds18b20                                                                      0x000D5     41
main                                                                              0x000FE     37
